   Ôû▓ Next.js 15.5.12
   - Environments: .env.local

   Creating an optimized production build ...
 Ô£ô Compiled successfully in 28.4s
   Skipping linting
   Checking validity of types ...
   Collecting page data ...
   Generating static pages (0/29) ...
   Generating static pages (7/29) 
   Generating static pages (14/29) 
   Generating static pages (21/29) 
 Ô£ô Generating static pages (29/29)
   Finalizing page optimization ...
   Collecting build traces ...

Route (app)                                 Size  First Load JS
Ôöî ãÆ /                                    7.71 kB         119 kB
Ôö£ Ôùï /_not-found                            993 B         104 kB
Ôö£ Ôùï /admin/dashboard                     4.89 kB         165 kB
Ôö£ ãÆ /api/add-user-to-table                 152 B         103 kB
Ôö£ ãÆ /api/admin/test-signup-email           152 B         103 kB
Ôö£ ãÆ /api/images/[...url]                   152 B         103 kB
Ôö£ ãÆ /api/paypal/verify-subscription        152 B         103 kB
Ôö£ ãÆ /api/paypal/webhook                    152 B         103 kB
Ôö£ ãÆ /api/placeholder/[width]/[height]      152 B         103 kB
Ôö£ ãÆ /api/setup-super-admin                 152 B         103 kB
Ôö£ ãÆ /api/test-supabase                     152 B         103 kB
Ôö£ Ôùï /apps                                  164 B         106 kB
Ôö£ ãÆ /auth/callback                         152 B         103 kB
Ôö£ ãÆ /auth/signout                          152 B         103 kB
Ôö£ Ôùï /classificados                         164 B         106 kB
Ôö£ Ôùï /diagnostics                         1.68 kB         162 kB
Ôö£ Ôùï /fix-user                             1.5 kB         107 kB
Ôö£ Ôùï /login                               1.87 kB         108 kB
Ôö£ Ôùï /login/admin                         1.99 kB         162 kB
Ôö£ Ôùï /login/proprietario                  3.77 kB         164 kB
Ôö£ ãÆ /motel/[id]                          3.49 kB         115 kB
Ôö£ Ôùï /owner                               5.04 kB         165 kB
Ôö£ Ôùï /owner/create-motel                  7.25 kB         167 kB
Ôö£ Ôùï /owner/dashboard                     3.81 kB         164 kB
Ôö£ ãÆ /owner/edit-motel/[id]               4.81 kB         165 kB
Ôö£ Ôùï /owner/statistics                    4.58 kB         165 kB
Ôö£ Ôùï /owner/upgrade                       1.91 kB         108 kB
Ôö£ Ôùï /robots.txt                            152 B         103 kB
Ôö£ Ôùï /setup                               1.74 kB         108 kB
Ôö£ Ôùï /sitemap.xml                           152 B         103 kB
Ôöö Ôùï /suporte-contato                     3.03 kB         109 kB
+ First Load JS shared by all             103 kB
  Ôö£ chunks/255-a41b0d888672637a.js       45.8 kB
  Ôö£ chunks/4bd1b696-21f374d1156f834a.js  54.2 kB
  Ôöö other shared chunks (total)          2.52 kB


ãÆ Middleware                             81.3 kB

Ôùï  (Static)   prerendered as static content
ãÆ  (Dynamic)  server-rendered on demand

